******************************************************************************
                  TI ARM Linker PC v5.1.1                      
******************************************************************************
>> Linked Wed Jul 30 12:27:33 2014

OUTPUT FILE NAME:   <nrf24l01_driver.out>
ENTRY POINT SYMBOL: "_c_int00"  address: 00000d8d


MEMORY CONFIGURATION

         name            origin    length      used     unused   attr    fill
----------------------  --------  ---------  --------  --------  ----  --------
  FLASH                 00000000   00040000  00001386  0003ec7a  R  X
  SRAM                  20000000   00008000  00000388  00007c78  RW X


SEGMENT ALLOCATION MAP

run origin  load origin   length   init length attrs members
----------  ----------- ---------- ----------- ----- -------
00000000    00000000    00001388   00001388    r-x
  00000000    00000000    0000026c   0000026c    r-- .intvecs
  0000026c    0000026c    00000ea0   00000ea0    r-x .text
  0000110c    0000110c    00000242   00000242    r-- .const
  00001350    00001350    00000038   00000038    r-- .cinit
20000000    20000000    00000388   00000000    rw-
  20000000    20000000    0000026c   00000000    rw- .vtable
  2000026c    2000026c    00000100   00000000    rw- .stack
  2000036c    2000036c    0000001c   00000000    rw- .data


SECTION ALLOCATION MAP

 output                                  attributes/
section   page    origin      length       input sections
--------  ----  ----------  ----------   ----------------
.intvecs   0    00000000    0000026c     
                  00000000    0000026c     startup_ccs.obj (.intvecs)

.init_array 
*          0    00000000    00000000     UNINITIALIZED

.text      0    0000026c    00000ea0     
                  0000026c    000001ea     uartstdio.obj (.text:UARTvprintf)
                  00000456    0000013e     nrf24l01.obj (.text:RFInit)
                  00000594    00000104     driverlib.lib : sysctl.obj (.text:SysCtlClockSet)
                  00000698    000000c4     spi.obj (.text:SPIInit)
                  0000075c    000000c0     driverlib.lib : sysctl.obj (.text:SysCtlClockGet)
                  0000081c    000000b8                   : gpio.obj (.text:GPIOPadConfigSet)
                  000008d4    000000a0     main.obj (.text:main)
                  00000974    0000009c     rtsv7M4_T_le_v4SPD16_eabi.lib : memcpy_t2.obj (.text)
                  00000a10    00000094                                   : auto_init.obj (.text)
                  00000aa4    00000070     main.obj (.text:ConfigureUART)
                  00000b14    00000070     main.obj (.text:IRQInterruptHandler)
                  00000b84    00000068     driverlib.lib : interrupt.obj (.text:IntEnable)
                  00000bec    00000060     uartstdio.obj (.text:UARTStdioConfig)
                  00000c4c    0000005e     rtsv7M4_T_le_v4SPD16_eabi.lib : copy_decompress_rle.obj (.text)
                  00000caa    00000050     nrf24l01.obj (.text:RFWriteSendBuffer)
                  00000cfa    00000002     startup_ccs.obj (.text:FaultISR)
                  00000cfc    00000048     driverlib.lib : gpio.obj (.text:GPIOPinConfigure)
                  00000d44    00000048     uartstdio.obj (.text:UARTwrite)
                  00000d8c    00000048     rtsv7M4_T_le_v4SPD16_eabi.lib : boot.obj (.text)
                  00000dd4    00000044                                   : cpy_tbl.obj (.text)
                  00000e18    00000044                                   : exit.obj (.text)
                  00000e5c    00000042                                   : u_divt2.obj (.text)
                  00000e9e    00000002     startup_ccs.obj (.text:IntDefaultHandler)
                  00000ea0    00000034     driverlib.lib : interrupt.obj (.text:IntRegister)
                  00000ed4    00000034                   : sysctl.obj (.text:SysCtlPeripheralEnable)
                  00000f08    0000002a                   : gpio.obj (.text:GPIODirModeSet)
                  00000f32    00000028     nrf24l01.obj (.text:RFWriteRegister)
                  00000f5a    00000002     startup_ccs.obj (.text:NmiSR)
                  00000f5c    00000020     spi.obj (.text:SPIDataRead)
                  00000f7c    0000001c     spi.obj (.text:SPIDataWrite)
                  00000f98    0000001c     spi.obj (.text:SPISetCEHigh)
                  00000fb4    0000001c     spi.obj (.text:SPISetCELow)
                  00000fd0    0000001c     spi.obj (.text:SPISetCSNHigh)
                  00000fec    0000001c     spi.obj (.text:SPISetCSNLow)
                  00001008    0000001c     driverlib.lib : gpio.obj (.text:_GPIOIntNumberGet)
                  00001024    0000001a     uartstdio.obj (.text:UARTprintf)
                  0000103e    00000018     driverlib.lib : gpio.obj (.text:GPIOIntRegister)
                  00001056    00000002     --HOLE-- [fill = 0]
                  00001058    00000018     rtsv7M4_T_le_v4SPD16_eabi.lib : args_main.obj (.text)
                  00001070    00000014     spi.obj (.text:SPIRXFlush)
                  00001084    00000014     rtsv7M4_T_le_v4SPD16_eabi.lib : _lock.obj (.text)
                  00001098    00000012     driverlib.lib : gpio.obj (.text:GPIOPinTypeGPIOOutput)
                  000010aa    00000012                   : ssi.obj (.text:SSIDataGetNonBlocking)
                  000010bc    00000012     rtsv7M4_T_le_v4SPD16_eabi.lib : copy_zero_init.obj (.text:decompress:ZI)
                  000010ce    0000000e                                   : copy_decompress_none.obj (.text:decompress:none)
                  000010dc    0000000c     driverlib.lib : gpio.obj (.text:GPIOIntEnable)
                  000010e8    00000006                   : gpio.obj (.text:GPIOIntClear)
                  000010ee    00000006                   : gpio.obj (.text:GPIOPinWrite)
                  000010f4    00000006     startup_ccs.obj (.text:ResetISR)
                  000010fa    00000006     driverlib.lib : sysctl.obj (.text:SysCtlDelay)
                  00001100    00000006                   : uart.obj (.text:UARTClockSourceSet)
                  00001106    00000006     rtsv7M4_T_le_v4SPD16_eabi.lib : copy_decompress_rle.obj (.text:decompress:rle24)

.const     0    0000110c    00000242     
                  0000110c    000000c0     driverlib.lib : gpio.obj (.const:g_ppui32GPIOIntMapBlizzard)
                  000011cc    00000078                   : gpio.obj (.const:g_pui32GPIOBaseAddrs)
                  00001244    00000070                   : interrupt.obj (.const)
                  000012b4    0000006c                   : sysctl.obj (.const:g_pui32Xtals)
                  00001320    0000001c     uartstdio.obj (.const)
                  0000133c    00000012     uartstdio.obj (.const:.string)

.cinit     0    00001350    00000038     
                  00001350    0000000f     (.cinit..data.load) [load image, compression = rle]
                  0000135f    00000001     --HOLE-- [fill = 0]
                  00001360    0000000c     (__TI_handler_table)
                  0000136c    00000004     --HOLE-- [fill = 0]
                  00001370    00000008     (.cinit..vtable.load) [load image, compression = zero_init]
                  00001378    00000010     (__TI_cinit_table)

.vtable    0    20000000    0000026c     UNINITIALIZED
                  20000000    0000026c     driverlib.lib : interrupt.obj (.vtable)

.stack     0    2000026c    00000100     UNINITIALIZED
                  2000026c    00000100     --HOLE--

.data      0    2000036c    0000001c     UNINITIALIZED
                  2000036c    00000008     rtsv7M4_T_le_v4SPD16_eabi.lib : _lock.obj (.data)
                  20000374    00000008                                   : exit.obj (.data)
                  2000037c    00000005     uartstdio.obj (.data)
                  20000381    00000003     --HOLE--
                  20000384    00000004     rtsv7M4_T_le_v4SPD16_eabi.lib : stkdepth_vars.obj (.data)


LINKER GENERATED COPY TABLES

__TI_cinit_table @ 00001378 records: 2, size/record: 8, table size: 16
	.data: load addr=00001350, load size=0000000f bytes, run addr=2000036c, run size=0000001c bytes, compression=rle
	.vtable: load addr=00001370, load size=00000008 bytes, run addr=20000000, run size=0000026c bytes, compression=zero_init


LINKER GENERATED HANDLER TABLE

__TI_handler_table @ 00001360 records: 3, size/record: 4, table size: 12
	index: 0, handler: __TI_zero_init
	index: 1, handler: __TI_decompress_rle24
	index: 2, handler: __TI_decompress_none


GLOBAL SYMBOLS: SORTED ALPHABETICALLY BY Name 

address    name
--------   ----
00000e19   C$$EXIT
00000aa5   ConfigureUART
00000f09   GPIODirModeSet
000010e9   GPIOIntClear
000010dd   GPIOIntEnable
0000103f   GPIOIntRegister
0000081d   GPIOPadConfigSet
00000cfd   GPIOPinConfigure
00001099   GPIOPinTypeGPIOOutput
000010ef   GPIOPinWrite
00000b15   IRQInterruptHandler
00000b85   IntEnable
00000ea1   IntRegister
00000457   RFInit
00000f33   RFWriteRegister
00000cab   RFWriteSendBuffer
000010f5   ResetISR
UNDEFED    SHT$$INIT_ARRAY$$Base
UNDEFED    SHT$$INIT_ARRAY$$Limit
00000f5d   SPIDataRead
00000f7d   SPIDataWrite
00000699   SPIInit
00001071   SPIRXFlush
00000f99   SPISetCEHigh
00000fb5   SPISetCELow
00000fd1   SPISetCSNHigh
00000fed   SPISetCSNLow
000010ab   SSIDataGetNonBlocking
0000075d   SysCtlClockGet
00000595   SysCtlClockSet
000010fb   SysCtlDelay
00000ed5   SysCtlPeripheralEnable
00001101   UARTClockSourceSet
00000bed   UARTStdioConfig
00001025   UARTprintf
0000026d   UARTvprintf
00000d45   UARTwrite
2000036c   __STACK_END
00000100   __STACK_SIZE
2000066c   __STACK_TOP
00001378   __TI_CINIT_Base
00001388   __TI_CINIT_Limit
00001360   __TI_Handler_Table_Base
0000136c   __TI_Handler_Table_Limit
00000001   __TI_args_main
00000a11   __TI_auto_init
20000374   __TI_cleanup_ptr
000010cf   __TI_decompress_none
00001107   __TI_decompress_rle24
20000378   __TI_dtors_ptr
00000000   __TI_static_base__
000010bd   __TI_zero_init
00000975   __aeabi_memcpy
00000975   __aeabi_memcpy4
00000975   __aeabi_memcpy8
00000e5d   __aeabi_uidivmod
ffffffff   __binit__
ffffffff   __c_args__
2000026c   __stack
00001059   _args_main
00000d8d   _c_int00
2000036c   _lock
00001093   _nop
0000108b   _register_lock
00001085   _register_unlock
20000370   _unlock
00000e1d   abort
ffffffff   binit
00000dd5   copy_in
00000e25   exit
20000000   g_pfnRAMVectors
00000000   g_pfnVectors
000008d5   main
20000384   main_func_sp
00000975   memcpy


GLOBAL SYMBOLS: SORTED BY Symbol Address 

address    name
--------   ----
00000000   __TI_static_base__
00000000   g_pfnVectors
00000001   __TI_args_main
00000100   __STACK_SIZE
0000026d   UARTvprintf
00000457   RFInit
00000595   SysCtlClockSet
00000699   SPIInit
0000075d   SysCtlClockGet
0000081d   GPIOPadConfigSet
000008d5   main
00000975   __aeabi_memcpy
00000975   __aeabi_memcpy4
00000975   __aeabi_memcpy8
00000975   memcpy
00000a11   __TI_auto_init
00000aa5   ConfigureUART
00000b15   IRQInterruptHandler
00000b85   IntEnable
00000bed   UARTStdioConfig
00000cab   RFWriteSendBuffer
00000cfd   GPIOPinConfigure
00000d45   UARTwrite
00000d8d   _c_int00
00000dd5   copy_in
00000e19   C$$EXIT
00000e1d   abort
00000e25   exit
00000e5d   __aeabi_uidivmod
00000ea1   IntRegister
00000ed5   SysCtlPeripheralEnable
00000f09   GPIODirModeSet
00000f33   RFWriteRegister
00000f5d   SPIDataRead
00000f7d   SPIDataWrite
00000f99   SPISetCEHigh
00000fb5   SPISetCELow
00000fd1   SPISetCSNHigh
00000fed   SPISetCSNLow
00001025   UARTprintf
0000103f   GPIOIntRegister
00001059   _args_main
00001071   SPIRXFlush
00001085   _register_unlock
0000108b   _register_lock
00001093   _nop
00001099   GPIOPinTypeGPIOOutput
000010ab   SSIDataGetNonBlocking
000010bd   __TI_zero_init
000010cf   __TI_decompress_none
000010dd   GPIOIntEnable
000010e9   GPIOIntClear
000010ef   GPIOPinWrite
000010f5   ResetISR
000010fb   SysCtlDelay
00001101   UARTClockSourceSet
00001107   __TI_decompress_rle24
00001360   __TI_Handler_Table_Base
0000136c   __TI_Handler_Table_Limit
00001378   __TI_CINIT_Base
00001388   __TI_CINIT_Limit
20000000   g_pfnRAMVectors
2000026c   __stack
2000036c   __STACK_END
2000036c   _lock
20000370   _unlock
20000374   __TI_cleanup_ptr
20000378   __TI_dtors_ptr
20000384   main_func_sp
2000066c   __STACK_TOP
ffffffff   __binit__
ffffffff   __c_args__
ffffffff   binit
UNDEFED    SHT$$INIT_ARRAY$$Base
UNDEFED    SHT$$INIT_ARRAY$$Limit

[75 symbols]
