******************************************************************************
                  TI ARM Linker PC v5.1.1                      
******************************************************************************
>> Linked Tue Jul 29 20:10:07 2014

OUTPUT FILE NAME:   <nrf24l01_driver.out>
ENTRY POINT SYMBOL: "_c_int00"  address: 00000cb1


MEMORY CONFIGURATION

         name            origin    length      used     unused   attr    fill
----------------------  --------  ---------  --------  --------  ----  --------
  FLASH                 00000000   00040000  00001332  0003ecce  R  X
  SRAM                  20000000   00008000  00000388  00007c78  RW X


SEGMENT ALLOCATION MAP

run origin  load origin   length   init length attrs members
----------  ----------- ---------- ----------- ----- -------
00000000    00000000    00001338   00001338    r-x
  00000000    00000000    0000026c   0000026c    r-- .intvecs
  0000026c    0000026c    00000e4c   00000e4c    r-x .text
  000010b8    000010b8    00000242   00000242    r-- .const
  00001300    00001300    00000038   00000038    r-- .cinit
20000000    20000000    00000388   00000000    rw-
  20000000    20000000    0000026c   00000000    rw- .vtable
  2000026c    2000026c    00000100   00000000    rw- .stack
  2000036c    2000036c    0000001c   00000000    rw- .data


SECTION ALLOCATION MAP

 output                                  attributes/
section   page    origin      length       input sections
--------  ----  ----------  ----------   ----------------
.intvecs   0    00000000    0000026c     
                  00000000    0000026c     startup_ccs.obj (.intvecs)

.init_array 
*          0    00000000    00000000     UNINITIALIZED

.text      0    0000026c    00000e4c     
                  0000026c    000001ea     uartstdio.obj (.text:UARTvprintf)
                  00000456    0000010c     nrf24l01.obj (.text:RFInit)
                  00000562    00000002     startup_ccs.obj (.text:FaultISR)
                  00000564    00000108     spi.obj (.text:SPIInit)
                  0000066c    00000104     driverlib.lib : sysctl.obj (.text:SysCtlClockSet)
                  00000770    000000c0                   : sysctl.obj (.text:SysCtlClockGet)
                  00000830    000000b8                   : gpio.obj (.text:GPIOPadConfigSet)
                  000008e8    0000009c     rtsv7M4_T_le_v4SPD16_eabi.lib : memcpy_t2.obj (.text)
                  00000984    00000094                                   : auto_init.obj (.text)
                  00000a18    00000070     main.obj (.text:ConfigureUART)
                  00000a88    00000070     main.obj (.text:main)
                  00000af8    00000068     driverlib.lib : interrupt.obj (.text:IntEnable)
                  00000b60    00000060     uartstdio.obj (.text:UARTStdioConfig)
                  00000bc0    0000005e     rtsv7M4_T_le_v4SPD16_eabi.lib : copy_decompress_rle.obj (.text)
                  00000c1e    00000002     startup_ccs.obj (.text:IntDefaultHandler)
                  00000c20    00000048     driverlib.lib : gpio.obj (.text:GPIOPinConfigure)
                  00000c68    00000048     uartstdio.obj (.text:UARTwrite)
                  00000cb0    00000048     rtsv7M4_T_le_v4SPD16_eabi.lib : boot.obj (.text)
                  00000cf8    00000044     nrf24l01.obj (.text:RFWriteSendBuffer)
                  00000d3c    00000044     rtsv7M4_T_le_v4SPD16_eabi.lib : cpy_tbl.obj (.text)
                  00000d80    00000044                                   : exit.obj (.text)
                  00000dc4    00000042                                   : u_divt2.obj (.text)
                  00000e06    00000002     startup_ccs.obj (.text:NmiSR)
                  00000e08    00000034     driverlib.lib : interrupt.obj (.text:IntRegister)
                  00000e3c    00000034                   : sysctl.obj (.text:SysCtlPeripheralEnable)
                  00000e70    0000002a                   : gpio.obj (.text:GPIODirModeSet)
                  00000e9a    00000002     --HOLE-- [fill = 0]
                  00000e9c    00000028     main.obj (.text:IRQInterruptHandler)
                  00000ec4    00000028     nrf24l01.obj (.text:RFWriteRegister)
                  00000eec    00000020     spi.obj (.text:SPIDataRead)
                  00000f0c    0000001c     spi.obj (.text:SPIDataWrite)
                  00000f28    0000001c     spi.obj (.text:SPISetCEHigh)
                  00000f44    0000001c     spi.obj (.text:SPISetCELow)
                  00000f60    0000001c     spi.obj (.text:SPISetCSNHigh)
                  00000f7c    0000001c     spi.obj (.text:SPISetCSNLow)
                  00000f98    0000001c     driverlib.lib : gpio.obj (.text:_GPIOIntNumberGet)
                  00000fb4    0000001a     uartstdio.obj (.text:UARTprintf)
                  00000fce    00000018     driverlib.lib : gpio.obj (.text:GPIOIntRegister)
                  00000fe6    00000002     --HOLE-- [fill = 0]
                  00000fe8    00000018     rtsv7M4_T_le_v4SPD16_eabi.lib : args_main.obj (.text)
                  00001000    00000014     spi.obj (.text:SPIRXFlush)
                  00001014    00000014     rtsv7M4_T_le_v4SPD16_eabi.lib : _lock.obj (.text)
                  00001028    00000012     driverlib.lib : gpio.obj (.text:GPIOPinTypeGPIOOutput)
                  0000103a    00000012                   : ssi.obj (.text:SSIDataGetNonBlocking)
                  0000104c    00000012     rtsv7M4_T_le_v4SPD16_eabi.lib : copy_zero_init.obj (.text:decompress:ZI)
                  0000105e    00000010     driverlib.lib : interrupt.obj (.text:IntMasterEnable)
                  0000106e    0000000e     rtsv7M4_T_le_v4SPD16_eabi.lib : copy_decompress_none.obj (.text:decompress:none)
                  0000107c    0000000c     driverlib.lib : cpu.obj (.text:CPUcpsie)
                  00001088    0000000c                   : gpio.obj (.text:GPIOIntEnable)
                  00001094    00000006                   : gpio.obj (.text:GPIOIntClear)
                  0000109a    00000006                   : gpio.obj (.text:GPIOPinWrite)
                  000010a0    00000006     startup_ccs.obj (.text:ResetISR)
                  000010a6    00000006     driverlib.lib : sysctl.obj (.text:SysCtlDelay)
                  000010ac    00000006                   : uart.obj (.text:UARTClockSourceSet)
                  000010b2    00000006     rtsv7M4_T_le_v4SPD16_eabi.lib : copy_decompress_rle.obj (.text:decompress:rle24)

.const     0    000010b8    00000242     
                  000010b8    000000c0     driverlib.lib : gpio.obj (.const:g_ppui32GPIOIntMapBlizzard)
                  00001178    00000078                   : gpio.obj (.const:g_pui32GPIOBaseAddrs)
                  000011f0    00000070                   : interrupt.obj (.const)
                  00001260    0000006c                   : sysctl.obj (.const:g_pui32Xtals)
                  000012cc    0000001c     uartstdio.obj (.const)
                  000012e8    00000012     uartstdio.obj (.const:.string)

.cinit     0    00001300    00000038     
                  00001300    0000000f     (.cinit..data.load) [load image, compression = rle]
                  0000130f    00000001     --HOLE-- [fill = 0]
                  00001310    0000000c     (__TI_handler_table)
                  0000131c    00000004     --HOLE-- [fill = 0]
                  00001320    00000008     (.cinit..vtable.load) [load image, compression = zero_init]
                  00001328    00000010     (__TI_cinit_table)

.vtable    0    20000000    0000026c     UNINITIALIZED
                  20000000    0000026c     driverlib.lib : interrupt.obj (.vtable)

.stack     0    2000026c    00000100     UNINITIALIZED
                  2000026c    00000100     --HOLE--

.data      0    2000036c    0000001c     UNINITIALIZED
                  2000036c    00000008     rtsv7M4_T_le_v4SPD16_eabi.lib : _lock.obj (.data)
                  20000374    00000008                                   : exit.obj (.data)
                  2000037c    00000005     uartstdio.obj (.data)
                  20000381    00000003     --HOLE--
                  20000384    00000004     rtsv7M4_T_le_v4SPD16_eabi.lib : stkdepth_vars.obj (.data)


LINKER GENERATED COPY TABLES

__TI_cinit_table @ 00001328 records: 2, size/record: 8, table size: 16
	.data: load addr=00001300, load size=0000000f bytes, run addr=2000036c, run size=0000001c bytes, compression=rle
	.vtable: load addr=00001320, load size=00000008 bytes, run addr=20000000, run size=0000026c bytes, compression=zero_init


LINKER GENERATED HANDLER TABLE

__TI_handler_table @ 00001310 records: 3, size/record: 4, table size: 12
	index: 0, handler: __TI_zero_init
	index: 1, handler: __TI_decompress_rle24
	index: 2, handler: __TI_decompress_none


GLOBAL SYMBOLS: SORTED ALPHABETICALLY BY Name 

address    name
--------   ----
00000d81   C$$EXIT
0000107d   CPUcpsie
00000a19   ConfigureUART
00000e71   GPIODirModeSet
00001095   GPIOIntClear
00001089   GPIOIntEnable
00000fcf   GPIOIntRegister
00000831   GPIOPadConfigSet
00000c21   GPIOPinConfigure
00001029   GPIOPinTypeGPIOOutput
0000109b   GPIOPinWrite
00000e9d   IRQInterruptHandler
00000af9   IntEnable
0000105f   IntMasterEnable
00000e09   IntRegister
00000457   RFInit
00000ec5   RFWriteRegister
00000cf9   RFWriteSendBuffer
000010a1   ResetISR
UNDEFED    SHT$$INIT_ARRAY$$Base
UNDEFED    SHT$$INIT_ARRAY$$Limit
00000eed   SPIDataRead
00000f0d   SPIDataWrite
00000565   SPIInit
00001001   SPIRXFlush
00000f29   SPISetCEHigh
00000f45   SPISetCELow
00000f61   SPISetCSNHigh
00000f7d   SPISetCSNLow
0000103b   SSIDataGetNonBlocking
00000771   SysCtlClockGet
0000066d   SysCtlClockSet
000010a7   SysCtlDelay
00000e3d   SysCtlPeripheralEnable
000010ad   UARTClockSourceSet
00000b61   UARTStdioConfig
00000fb5   UARTprintf
0000026d   UARTvprintf
00000c69   UARTwrite
2000036c   __STACK_END
00000100   __STACK_SIZE
2000066c   __STACK_TOP
00001328   __TI_CINIT_Base
00001338   __TI_CINIT_Limit
00001310   __TI_Handler_Table_Base
0000131c   __TI_Handler_Table_Limit
00000001   __TI_args_main
00000985   __TI_auto_init
20000374   __TI_cleanup_ptr
0000106f   __TI_decompress_none
000010b3   __TI_decompress_rle24
20000378   __TI_dtors_ptr
00000000   __TI_static_base__
0000104d   __TI_zero_init
000008e9   __aeabi_memcpy
000008e9   __aeabi_memcpy4
000008e9   __aeabi_memcpy8
00000dc5   __aeabi_uidivmod
ffffffff   __binit__
ffffffff   __c_args__
2000026c   __stack
00000fe9   _args_main
00000cb1   _c_int00
2000036c   _lock
00001023   _nop
0000101b   _register_lock
00001015   _register_unlock
20000370   _unlock
00000d85   abort
ffffffff   binit
00000d3d   copy_in
00000d8d   exit
20000000   g_pfnRAMVectors
00000000   g_pfnVectors
00000a89   main
20000384   main_func_sp
000008e9   memcpy


GLOBAL SYMBOLS: SORTED BY Symbol Address 

address    name
--------   ----
00000000   __TI_static_base__
00000000   g_pfnVectors
00000001   __TI_args_main
00000100   __STACK_SIZE
0000026d   UARTvprintf
00000457   RFInit
00000565   SPIInit
0000066d   SysCtlClockSet
00000771   SysCtlClockGet
00000831   GPIOPadConfigSet
000008e9   __aeabi_memcpy
000008e9   __aeabi_memcpy4
000008e9   __aeabi_memcpy8
000008e9   memcpy
00000985   __TI_auto_init
00000a19   ConfigureUART
00000a89   main
00000af9   IntEnable
00000b61   UARTStdioConfig
00000c21   GPIOPinConfigure
00000c69   UARTwrite
00000cb1   _c_int00
00000cf9   RFWriteSendBuffer
00000d3d   copy_in
00000d81   C$$EXIT
00000d85   abort
00000d8d   exit
00000dc5   __aeabi_uidivmod
00000e09   IntRegister
00000e3d   SysCtlPeripheralEnable
00000e71   GPIODirModeSet
00000e9d   IRQInterruptHandler
00000ec5   RFWriteRegister
00000eed   SPIDataRead
00000f0d   SPIDataWrite
00000f29   SPISetCEHigh
00000f45   SPISetCELow
00000f61   SPISetCSNHigh
00000f7d   SPISetCSNLow
00000fb5   UARTprintf
00000fcf   GPIOIntRegister
00000fe9   _args_main
00001001   SPIRXFlush
00001015   _register_unlock
0000101b   _register_lock
00001023   _nop
00001029   GPIOPinTypeGPIOOutput
0000103b   SSIDataGetNonBlocking
0000104d   __TI_zero_init
0000105f   IntMasterEnable
0000106f   __TI_decompress_none
0000107d   CPUcpsie
00001089   GPIOIntEnable
00001095   GPIOIntClear
0000109b   GPIOPinWrite
000010a1   ResetISR
000010a7   SysCtlDelay
000010ad   UARTClockSourceSet
000010b3   __TI_decompress_rle24
00001310   __TI_Handler_Table_Base
0000131c   __TI_Handler_Table_Limit
00001328   __TI_CINIT_Base
00001338   __TI_CINIT_Limit
20000000   g_pfnRAMVectors
2000026c   __stack
2000036c   __STACK_END
2000036c   _lock
20000370   _unlock
20000374   __TI_cleanup_ptr
20000378   __TI_dtors_ptr
20000384   main_func_sp
2000066c   __STACK_TOP
ffffffff   __binit__
ffffffff   __c_args__
ffffffff   binit
UNDEFED    SHT$$INIT_ARRAY$$Base
UNDEFED    SHT$$INIT_ARRAY$$Limit

[77 symbols]
