******************************************************************************
                  TI ARM Linker PC v5.1.1                      
******************************************************************************
>> Linked Tue Jul 29 18:06:21 2014

OUTPUT FILE NAME:   <nrf24l01_driver.out>
ENTRY POINT SYMBOL: "_c_int00"  address: 00000b8d


MEMORY CONFIGURATION

         name            origin    length      used     unused   attr    fill
----------------------  --------  ---------  --------  --------  ----  --------
  FLASH                 00000000   00040000  00000fd6  0003f02a  R  X
  SRAM                  20000000   00008000  0000011c  00007ee4  RW X


SEGMENT ALLOCATION MAP

run origin  load origin   length   init length attrs members
----------  ----------- ---------- ----------- ----- -------
00000000    00000000    00000fd8   00000fd8    r-x
  00000000    00000000    0000026c   0000026c    r-- .intvecs
  0000026c    0000026c    00000c38   00000c38    r-x .text
  00000ea4    00000ea4    00000112   00000112    r-- .const
  00000fb8    00000fb8    00000020   00000020    r-- .cinit
20000000    20000000    0000011c   00000000    rw-
  20000000    20000000    00000100   00000000    rw- .stack
  20000100    20000100    0000001c   00000000    rw- .data


SECTION ALLOCATION MAP

 output                                  attributes/
section   page    origin      length       input sections
--------  ----  ----------  ----------   ----------------
.intvecs   0    00000000    0000026c     
                  00000000    0000026c     startup_ccs.obj (.intvecs)

.init_array 
*          0    00000000    00000000     UNINITIALIZED

.text      0    0000026c    00000c38     
                  0000026c    000001ea     uartstdio.obj (.text:UARTvprintf)
                  00000456    00000002     startup_ccs.obj (.text:FaultISR)
                  00000458    00000104     driverlib.lib : sysctl.obj (.text:SysCtlClockSet)
                  0000055c    000000c4     spi.obj (.text:SPIInit)
                  00000620    000000c0     driverlib.lib : sysctl.obj (.text:SysCtlClockGet)
                  000006e0    000000b8                   : gpio.obj (.text:GPIOPadConfigSet)
                  00000798    0000009c     rtsv7M4_T_le_v4SPD16_eabi.lib : memcpy_t2.obj (.text)
                  00000834    00000094                                   : auto_init.obj (.text)
                  000008c8    00000082     nrf24l01.obj (.text:RFInit)
                  0000094a    00000002     startup_ccs.obj (.text:IntDefaultHandler)
                  0000094c    00000080     main.obj (.text:main)
                  000009cc    00000070     main.obj (.text:ConfigureUART)
                  00000a3c    00000060     uartstdio.obj (.text:UARTStdioConfig)
                  00000a9c    0000005e     rtsv7M4_T_le_v4SPD16_eabi.lib : copy_decompress_rle.obj (.text)
                  00000afa    00000002     startup_ccs.obj (.text:NmiSR)
                  00000afc    00000048     driverlib.lib : gpio.obj (.text:GPIOPinConfigure)
                  00000b44    00000048     uartstdio.obj (.text:UARTwrite)
                  00000b8c    00000048     rtsv7M4_T_le_v4SPD16_eabi.lib : boot.obj (.text)
                  00000bd4    00000044                                   : cpy_tbl.obj (.text)
                  00000c18    00000044                                   : exit.obj (.text)
                  00000c5c    00000042                                   : u_divt2.obj (.text)
                  00000c9e    00000002     --HOLE-- [fill = 0]
                  00000ca0    00000034     driverlib.lib : sysctl.obj (.text:SysCtlPeripheralEnable)
                  00000cd4    0000002a                   : gpio.obj (.text:GPIODirModeSet)
                  00000cfe    00000028     nrf24l01.obj (.text:RFWriteRegister)
                  00000d26    00000026     nrf24l01.obj (.text:RFReadRegister)
                  00000d4c    00000020     spi.obj (.text:SPIDataRead)
                  00000d6c    0000001c     spi.obj (.text:SPIDataWrite)
                  00000d88    0000001c     spi.obj (.text:SPISetCEHigh)
                  00000da4    0000001c     spi.obj (.text:SPISetCELow)
                  00000dc0    0000001c     spi.obj (.text:SPISetCSNHigh)
                  00000ddc    0000001c     spi.obj (.text:SPISetCSNLow)
                  00000df8    0000001a     uartstdio.obj (.text:UARTprintf)
                  00000e12    00000002     --HOLE-- [fill = 0]
                  00000e14    00000018     rtsv7M4_T_le_v4SPD16_eabi.lib : args_main.obj (.text)
                  00000e2c    00000014     spi.obj (.text:SPIRXFlush)
                  00000e40    00000014     rtsv7M4_T_le_v4SPD16_eabi.lib : _lock.obj (.text)
                  00000e54    00000012     driverlib.lib : gpio.obj (.text:GPIOPinTypeGPIOOutput)
                  00000e66    00000012                   : ssi.obj (.text:SSIDataGetNonBlocking)
                  00000e78    0000000e     rtsv7M4_T_le_v4SPD16_eabi.lib : copy_decompress_none.obj (.text:decompress:none)
                  00000e86    00000006     driverlib.lib : gpio.obj (.text:GPIOPinWrite)
                  00000e8c    00000006     startup_ccs.obj (.text:ResetISR)
                  00000e92    00000006     driverlib.lib : sysctl.obj (.text:SysCtlDelay)
                  00000e98    00000006                   : uart.obj (.text:UARTClockSourceSet)
                  00000e9e    00000006     rtsv7M4_T_le_v4SPD16_eabi.lib : copy_decompress_rle.obj (.text:decompress:rle24)

.const     0    00000ea4    00000112     
                  00000ea4    00000078     driverlib.lib : gpio.obj (.const:g_pui32GPIOBaseAddrs)
                  00000f1c    0000006c                   : sysctl.obj (.const:g_pui32Xtals)
                  00000f88    0000001c     uartstdio.obj (.const)
                  00000fa4    00000012     uartstdio.obj (.const:.string)

.cinit     0    00000fb8    00000020     
                  00000fb8    0000000f     (.cinit..data.load) [load image, compression = rle]
                  00000fc7    00000001     --HOLE-- [fill = 0]
                  00000fc8    00000008     (__TI_handler_table)
                  00000fd0    00000008     (__TI_cinit_table)

.stack     0    20000000    00000100     UNINITIALIZED
                  20000000    00000100     --HOLE--

.data      0    20000100    0000001c     UNINITIALIZED
                  20000100    00000008     rtsv7M4_T_le_v4SPD16_eabi.lib : _lock.obj (.data)
                  20000108    00000008                                   : exit.obj (.data)
                  20000110    00000005     uartstdio.obj (.data)
                  20000115    00000003     --HOLE--
                  20000118    00000004     rtsv7M4_T_le_v4SPD16_eabi.lib : stkdepth_vars.obj (.data)


LINKER GENERATED COPY TABLES

__TI_cinit_table @ 00000fd0 records: 1, size/record: 8, table size: 8
	.data: load addr=00000fb8, load size=0000000f bytes, run addr=20000100, run size=0000001c bytes, compression=rle


LINKER GENERATED HANDLER TABLE

__TI_handler_table @ 00000fc8 records: 2, size/record: 4, table size: 8
	index: 0, handler: __TI_decompress_rle24
	index: 1, handler: __TI_decompress_none


GLOBAL SYMBOLS: SORTED ALPHABETICALLY BY Name 

address    name
--------   ----
00000c19   C$$EXIT
000009cd   ConfigureUART
00000cd5   GPIODirModeSet
000006e1   GPIOPadConfigSet
00000afd   GPIOPinConfigure
00000e55   GPIOPinTypeGPIOOutput
00000e87   GPIOPinWrite
000008c9   RFInit
00000d27   RFReadRegister
00000cff   RFWriteRegister
00000e8d   ResetISR
UNDEFED    SHT$$INIT_ARRAY$$Base
UNDEFED    SHT$$INIT_ARRAY$$Limit
00000d4d   SPIDataRead
00000d6d   SPIDataWrite
0000055d   SPIInit
00000e2d   SPIRXFlush
00000d89   SPISetCEHigh
00000da5   SPISetCELow
00000dc1   SPISetCSNHigh
00000ddd   SPISetCSNLow
00000e67   SSIDataGetNonBlocking
00000621   SysCtlClockGet
00000459   SysCtlClockSet
00000e93   SysCtlDelay
00000ca1   SysCtlPeripheralEnable
00000e99   UARTClockSourceSet
00000a3d   UARTStdioConfig
00000df9   UARTprintf
0000026d   UARTvprintf
00000b45   UARTwrite
20000100   __STACK_END
00000100   __STACK_SIZE
20000400   __STACK_TOP
00000fd0   __TI_CINIT_Base
00000fd8   __TI_CINIT_Limit
00000fc8   __TI_Handler_Table_Base
00000fd0   __TI_Handler_Table_Limit
00000001   __TI_args_main
00000835   __TI_auto_init
20000108   __TI_cleanup_ptr
00000e79   __TI_decompress_none
00000e9f   __TI_decompress_rle24
2000010c   __TI_dtors_ptr
00000000   __TI_static_base__
00000799   __aeabi_memcpy
00000799   __aeabi_memcpy4
00000799   __aeabi_memcpy8
00000c5d   __aeabi_uidivmod
ffffffff   __binit__
ffffffff   __c_args__
20000000   __stack
00000e15   _args_main
00000b8d   _c_int00
20000100   _lock
00000e4f   _nop
00000e47   _register_lock
00000e41   _register_unlock
20000104   _unlock
00000c1d   abort
ffffffff   binit
00000bd5   copy_in
00000c25   exit
00000000   g_pfnVectors
0000094d   main
20000118   main_func_sp
00000799   memcpy


GLOBAL SYMBOLS: SORTED BY Symbol Address 

address    name
--------   ----
00000000   __TI_static_base__
00000000   g_pfnVectors
00000001   __TI_args_main
00000100   __STACK_SIZE
0000026d   UARTvprintf
00000459   SysCtlClockSet
0000055d   SPIInit
00000621   SysCtlClockGet
000006e1   GPIOPadConfigSet
00000799   __aeabi_memcpy
00000799   __aeabi_memcpy4
00000799   __aeabi_memcpy8
00000799   memcpy
00000835   __TI_auto_init
000008c9   RFInit
0000094d   main
000009cd   ConfigureUART
00000a3d   UARTStdioConfig
00000afd   GPIOPinConfigure
00000b45   UARTwrite
00000b8d   _c_int00
00000bd5   copy_in
00000c19   C$$EXIT
00000c1d   abort
00000c25   exit
00000c5d   __aeabi_uidivmod
00000ca1   SysCtlPeripheralEnable
00000cd5   GPIODirModeSet
00000cff   RFWriteRegister
00000d27   RFReadRegister
00000d4d   SPIDataRead
00000d6d   SPIDataWrite
00000d89   SPISetCEHigh
00000da5   SPISetCELow
00000dc1   SPISetCSNHigh
00000ddd   SPISetCSNLow
00000df9   UARTprintf
00000e15   _args_main
00000e2d   SPIRXFlush
00000e41   _register_unlock
00000e47   _register_lock
00000e4f   _nop
00000e55   GPIOPinTypeGPIOOutput
00000e67   SSIDataGetNonBlocking
00000e79   __TI_decompress_none
00000e87   GPIOPinWrite
00000e8d   ResetISR
00000e93   SysCtlDelay
00000e99   UARTClockSourceSet
00000e9f   __TI_decompress_rle24
00000fc8   __TI_Handler_Table_Base
00000fd0   __TI_CINIT_Base
00000fd0   __TI_Handler_Table_Limit
00000fd8   __TI_CINIT_Limit
20000000   __stack
20000100   __STACK_END
20000100   _lock
20000104   _unlock
20000108   __TI_cleanup_ptr
2000010c   __TI_dtors_ptr
20000118   main_func_sp
20000400   __STACK_TOP
ffffffff   __binit__
ffffffff   __c_args__
ffffffff   binit
UNDEFED    SHT$$INIT_ARRAY$$Base
UNDEFED    SHT$$INIT_ARRAY$$Limit

[67 symbols]
