******************************************************************************
                  TI ARM Linker PC v5.1.1                      
******************************************************************************
>> Linked Wed Jul 30 17:35:15 2014

OUTPUT FILE NAME:   <nrf24l01_driver.out>
ENTRY POINT SYMBOL: "_c_int00"  address: 00000b09


MEMORY CONFIGURATION

         name            origin    length      used     unused   attr    fill
----------------------  --------  ---------  --------  --------  ----  --------
  FLASH                 00000000   00040000  00001028  0003efd8  R  X
  SRAM                  20000000   00008000  00000408  00007bf8  RW X


SEGMENT ALLOCATION MAP

run origin  load origin   length   init length attrs members
----------  ----------- ---------- ----------- ----- -------
00000000    00000000    00001030   00001030    r-x
  00000000    00000000    0000026c   0000026c    r-- .intvecs
  0000026c    0000026c    00000b9e   00000b9e    r-x .text
  00000e0c    00000e0c    000001d6   000001d6    r-- .const
  00000fe8    00000fe8    00000048   00000048    r-- .cinit
20000000    20000000    00000408   00000000    rw-
  20000000    20000000    0000026c   00000000    rw- .vtable
  2000026c    2000026c    00000100   00000000    rw- .stack
  2000036c    2000036c    00000080   00000000    rw- .bss
  200003ec    200003ec    0000001c   00000000    rw- .data


SECTION ALLOCATION MAP

 output                                  attributes/
section   page    origin      length       input sections
--------  ----  ----------  ----------   ----------------
.intvecs   0    00000000    0000026c     
                  00000000    0000026c     startup_ccs.obj (.intvecs)

.init_array 
*          0    00000000    00000000     UNINITIALIZED

.text      0    0000026c    00000b9e     
                  0000026c    000001ea     uartstdio.obj (.text:UARTvprintf)
                  00000456    00000138     nrf24l01.obj (.text:RFInit)
                  0000058e    00000002     startup_ccs.obj (.text:FaultISR)
                  00000590    000000c4     spi.obj (.text:SPIInit)
                  00000654    0000009c     rtsv7M4_T_le_v4SPD16_eabi.lib : memcpy_t2.obj (.text)
                  000006f0    00000094                                   : auto_init.obj (.text)
                  00000784    00000080     main.obj (.text:main)
                  00000804    00000078     main.obj (.text:IRQInterruptHandler)
                  0000087c    00000070     main.obj (.text:ConfigureUART)
                  000008ec    00000068     driverlib.lib : interrupt.obj (.text:IntEnable)
                  00000954    00000064     nrf24l01.obj (.text:RFReadRecieveBuffer)
                  000009b8    00000060     uartstdio.obj (.text:UARTStdioConfig)
                  00000a18    0000005e     rtsv7M4_T_le_v4SPD16_eabi.lib : copy_decompress_rle.obj (.text)
                  00000a76    00000002     startup_ccs.obj (.text:IntDefaultHandler)
                  00000a78    00000048     driverlib.lib : gpio.obj (.text:GPIOPinConfigure)
                  00000ac0    00000048     uartstdio.obj (.text:UARTwrite)
                  00000b08    00000048     rtsv7M4_T_le_v4SPD16_eabi.lib : boot.obj (.text)
                  00000b50    00000044                                   : cpy_tbl.obj (.text)
                  00000b94    00000044                                   : exit.obj (.text)
                  00000bd8    00000042                                   : u_divt2.obj (.text)
                  00000c1a    00000002     startup_ccs.obj (.text:NmiSR)
                  00000c1c    00000034     driverlib.lib : interrupt.obj (.text:IntRegister)
                  00000c50    00000028     nrf24l01.obj (.text:RFWriteRegister)
                  00000c78    00000020     spi.obj (.text:SPIDataRead)
                  00000c98    0000001c     spi.obj (.text:SPIDataWrite)
                  00000cb4    0000001c     spi.obj (.text:SPISetCEHigh)
                  00000cd0    0000001c     spi.obj (.text:SPISetCELow)
                  00000cec    0000001c     spi.obj (.text:SPISetCSNHigh)
                  00000d08    0000001c     spi.obj (.text:SPISetCSNLow)
                  00000d24    0000001c     driverlib.lib : gpio.obj (.text:_GPIOIntNumberGet)
                  00000d40    0000001a     uartstdio.obj (.text:UARTprintf)
                  00000d5a    00000018     driverlib.lib : gpio.obj (.text:GPIOIntRegister)
                  00000d72    00000002     --HOLE-- [fill = 0]
                  00000d74    00000018     rtsv7M4_T_le_v4SPD16_eabi.lib : args_main.obj (.text)
                  00000d8c    00000014     spi.obj (.text:SPIRXFlush)
                  00000da0    00000014     rtsv7M4_T_le_v4SPD16_eabi.lib : _lock.obj (.text)
                  00000db4    00000012     driverlib.lib : ssi.obj (.text:SSIDataGetNonBlocking)
                  00000dc6    00000012     rtsv7M4_T_le_v4SPD16_eabi.lib : copy_zero_init.obj (.text:decompress:ZI)
                  00000dd8    0000000e                                   : copy_decompress_none.obj (.text:decompress:none)
                  00000de6    0000000c     driverlib.lib : gpio.obj (.text:GPIOIntEnable)
                  00000df2    00000006                   : gpio.obj (.text:GPIOIntClear)
                  00000df8    00000006     startup_ccs.obj (.text:ResetISR)
                  00000dfe    00000006     driverlib.lib : uart.obj (.text:UARTClockSourceSet)
                  00000e04    00000006     rtsv7M4_T_le_v4SPD16_eabi.lib : copy_decompress_rle.obj (.text:decompress:rle24)

.const     0    00000e0c    000001d6     
                  00000e0c    000000c0     driverlib.lib : gpio.obj (.const:g_ppui32GPIOIntMapBlizzard)
                  00000ecc    00000078                   : gpio.obj (.const:g_pui32GPIOBaseAddrs)
                  00000f44    00000070                   : interrupt.obj (.const)
                  00000fb4    0000001c     uartstdio.obj (.const)
                  00000fd0    00000012     uartstdio.obj (.const:.string)

.cinit     0    00000fe8    00000048     
                  00000fe8    0000000f     (.cinit..data.load) [load image, compression = rle]
                  00000ff7    00000001     --HOLE-- [fill = 0]
                  00000ff8    0000000c     (__TI_handler_table)
                  00001004    00000004     --HOLE-- [fill = 0]
                  00001008    00000008     (.cinit..bss.load) [load image, compression = zero_init]
                  00001010    00000008     (.cinit..vtable.load) [load image, compression = zero_init]
                  00001018    00000018     (__TI_cinit_table)

.vtable    0    20000000    0000026c     UNINITIALIZED
                  20000000    0000026c     driverlib.lib : interrupt.obj (.vtable)

.stack     0    2000026c    00000100     UNINITIALIZED
                  2000026c    00000100     --HOLE--

.bss       0    2000036c    00000080     UNINITIALIZED
                  2000036c    00000080     main.obj (.bss:ui32RxBuffer)

.data      0    200003ec    0000001c     UNINITIALIZED
                  200003ec    00000008     rtsv7M4_T_le_v4SPD16_eabi.lib : _lock.obj (.data)
                  200003f4    00000008                                   : exit.obj (.data)
                  200003fc    00000005     uartstdio.obj (.data)
                  20000401    00000003     --HOLE--
                  20000404    00000004     rtsv7M4_T_le_v4SPD16_eabi.lib : stkdepth_vars.obj (.data)


LINKER GENERATED COPY TABLES

__TI_cinit_table @ 00001018 records: 3, size/record: 8, table size: 24
	.data: load addr=00000fe8, load size=0000000f bytes, run addr=200003ec, run size=0000001c bytes, compression=rle
	.bss: load addr=00001008, load size=00000008 bytes, run addr=2000036c, run size=00000080 bytes, compression=zero_init
	.vtable: load addr=00001010, load size=00000008 bytes, run addr=20000000, run size=0000026c bytes, compression=zero_init


LINKER GENERATED HANDLER TABLE

__TI_handler_table @ 00000ff8 records: 3, size/record: 4, table size: 12
	index: 0, handler: __TI_zero_init
	index: 1, handler: __TI_decompress_rle24
	index: 2, handler: __TI_decompress_none


GLOBAL SYMBOLS: SORTED ALPHABETICALLY BY Name 

address    name
--------   ----
00000b95   C$$EXIT
0000087d   ConfigureUART
00000df3   GPIOIntClear
00000de7   GPIOIntEnable
00000d5b   GPIOIntRegister
00000a79   GPIOPinConfigure
00000805   IRQInterruptHandler
000008ed   IntEnable
00000c1d   IntRegister
00000457   RFInit
00000955   RFReadRecieveBuffer
00000c51   RFWriteRegister
00000df9   ResetISR
UNDEFED    SHT$$INIT_ARRAY$$Base
UNDEFED    SHT$$INIT_ARRAY$$Limit
00000c79   SPIDataRead
00000c99   SPIDataWrite
00000591   SPIInit
00000d8d   SPIRXFlush
00000cb5   SPISetCEHigh
00000cd1   SPISetCELow
00000ced   SPISetCSNHigh
00000d09   SPISetCSNLow
00000db5   SSIDataGetNonBlocking
00000dff   UARTClockSourceSet
000009b9   UARTStdioConfig
00000d41   UARTprintf
0000026d   UARTvprintf
00000ac1   UARTwrite
2000036c   __STACK_END
00000100   __STACK_SIZE
2000066c   __STACK_TOP
00001018   __TI_CINIT_Base
00001030   __TI_CINIT_Limit
00000ff8   __TI_Handler_Table_Base
00001004   __TI_Handler_Table_Limit
00000001   __TI_args_main
000006f1   __TI_auto_init
200003f4   __TI_cleanup_ptr
00000dd9   __TI_decompress_none
00000e05   __TI_decompress_rle24
200003f8   __TI_dtors_ptr
00000000   __TI_static_base__
00000dc7   __TI_zero_init
00000655   __aeabi_memcpy
00000655   __aeabi_memcpy4
00000655   __aeabi_memcpy8
00000bd9   __aeabi_uidivmod
ffffffff   __binit__
ffffffff   __c_args__
2000026c   __stack
00000d75   _args_main
00000b09   _c_int00
200003ec   _lock
00000daf   _nop
00000da7   _register_lock
00000da1   _register_unlock
200003f0   _unlock
00000b99   abort
ffffffff   binit
00000b51   copy_in
00000ba1   exit
20000000   g_pfnRAMVectors
00000000   g_pfnVectors
00000785   main
20000404   main_func_sp
00000655   memcpy
2000036c   ui32RxBuffer


GLOBAL SYMBOLS: SORTED BY Symbol Address 

address    name
--------   ----
00000000   __TI_static_base__
00000000   g_pfnVectors
00000001   __TI_args_main
00000100   __STACK_SIZE
0000026d   UARTvprintf
00000457   RFInit
00000591   SPIInit
00000655   __aeabi_memcpy
00000655   __aeabi_memcpy4
00000655   __aeabi_memcpy8
00000655   memcpy
000006f1   __TI_auto_init
00000785   main
00000805   IRQInterruptHandler
0000087d   ConfigureUART
000008ed   IntEnable
00000955   RFReadRecieveBuffer
000009b9   UARTStdioConfig
00000a79   GPIOPinConfigure
00000ac1   UARTwrite
00000b09   _c_int00
00000b51   copy_in
00000b95   C$$EXIT
00000b99   abort
00000ba1   exit
00000bd9   __aeabi_uidivmod
00000c1d   IntRegister
00000c51   RFWriteRegister
00000c79   SPIDataRead
00000c99   SPIDataWrite
00000cb5   SPISetCEHigh
00000cd1   SPISetCELow
00000ced   SPISetCSNHigh
00000d09   SPISetCSNLow
00000d41   UARTprintf
00000d5b   GPIOIntRegister
00000d75   _args_main
00000d8d   SPIRXFlush
00000da1   _register_unlock
00000da7   _register_lock
00000daf   _nop
00000db5   SSIDataGetNonBlocking
00000dc7   __TI_zero_init
00000dd9   __TI_decompress_none
00000de7   GPIOIntEnable
00000df3   GPIOIntClear
00000df9   ResetISR
00000dff   UARTClockSourceSet
00000e05   __TI_decompress_rle24
00000ff8   __TI_Handler_Table_Base
00001004   __TI_Handler_Table_Limit
00001018   __TI_CINIT_Base
00001030   __TI_CINIT_Limit
20000000   g_pfnRAMVectors
2000026c   __stack
2000036c   __STACK_END
2000036c   ui32RxBuffer
200003ec   _lock
200003f0   _unlock
200003f4   __TI_cleanup_ptr
200003f8   __TI_dtors_ptr
20000404   main_func_sp
2000066c   __STACK_TOP
ffffffff   __binit__
ffffffff   __c_args__
ffffffff   binit
UNDEFED    SHT$$INIT_ARRAY$$Base
UNDEFED    SHT$$INIT_ARRAY$$Limit

[68 symbols]
